// Jest Snapshot v1, https://goo.gl/fbAQLP

exports[`when applied with \`cache\` option matches snapshot for \`false\` value ({Boolean}): assets 1`] = `
Array [
  Array [
    "0.async.dbe59b7ea0e1a63e45d4.js",
    130,
  ],
  Array [
    "0.async.dbe59b7ea0e1a63e45d4.js.gz",
    117,
  ],
  Array [
    "5b1f36bc41ab31f5b801d48ba1d65781.png",
    78117,
  ],
  Array [
    "5b1f36bc41ab31f5b801d48ba1d65781.png.gz",
    73160,
  ],
  Array [
    "96621d3c37d96ad3bf792fcc848d912f.svg",
    672,
  ],
  Array [
    "96621d3c37d96ad3bf792fcc848d912f.svg.gz",
    393,
  ],
  Array [
    "js.8bd7079c9d63d0f6847e.js",
    10232,
  ],
  Array [
    "js.8bd7079c9d63d0f6847e.js.gz",
    2800,
  ],
]
`;

exports[`when applied with \`cache\` option matches snapshot for \`false\` value ({Boolean}): errors 1`] = `Array []`;

exports[`when applied with \`cache\` option matches snapshot for \`false\` value ({Boolean}): warnings 1`] = `Array []`;

exports[`when applied with \`cache\` option matches snapshot for \`other-cache-directory\` value ({String}): 0.async.dbe59b7ea0e1a63e45d4.js 1`] = `
Array [
  "0.async.dbe59b7ea0e1a63e45d4.js",
  "5c060e109cf6db498e14403ffb1625d2",
]
`;

exports[`when applied with \`cache\` option matches snapshot for \`other-cache-directory\` value ({String}): 5b1f36bc41ab31f5b801d48ba1d65781.png 1`] = `
Array [
  "5b1f36bc41ab31f5b801d48ba1d65781.png",
  "09a1a1112c577c2794359715edfcb5ac",
]
`;

exports[`when applied with \`cache\` option matches snapshot for \`other-cache-directory\` value ({String}): 96621d3c37d96ad3bf792fcc848d912f.svg 1`] = `
Array [
  "96621d3c37d96ad3bf792fcc848d912f.svg",
  "23fc1d3ac606d117e05a140e0de79806",
]
`;

exports[`when applied with \`cache\` option matches snapshot for \`other-cache-directory\` value ({String}): assets 1`] = `
Array [
  Array [
    "0.async.dbe59b7ea0e1a63e45d4.js",
    130,
  ],
  Array [
    "0.async.dbe59b7ea0e1a63e45d4.js.gz",
    117,
  ],
  Array [
    "5b1f36bc41ab31f5b801d48ba1d65781.png",
    78117,
  ],
  Array [
    "5b1f36bc41ab31f5b801d48ba1d65781.png.gz",
    73160,
  ],
  Array [
    "96621d3c37d96ad3bf792fcc848d912f.svg",
    672,
  ],
  Array [
    "96621d3c37d96ad3bf792fcc848d912f.svg.gz",
    393,
  ],
  Array [
    "js.8bd7079c9d63d0f6847e.js",
    10232,
  ],
  Array [
    "js.8bd7079c9d63d0f6847e.js.gz",
    2800,
  ],
]
`;

exports[`when applied with \`cache\` option matches snapshot for \`other-cache-directory\` value ({String}): assets 2`] = `
Array [
  Array [
    "0.async.dbe59b7ea0e1a63e45d4.js",
    130,
  ],
  Array [
    "0.async.dbe59b7ea0e1a63e45d4.js.gz",
    117,
  ],
  Array [
    "5b1f36bc41ab31f5b801d48ba1d65781.png",
    78117,
  ],
  Array [
    "5b1f36bc41ab31f5b801d48ba1d65781.png.gz",
    73160,
  ],
  Array [
    "96621d3c37d96ad3bf792fcc848d912f.svg",
    672,
  ],
  Array [
    "96621d3c37d96ad3bf792fcc848d912f.svg.gz",
    393,
  ],
  Array [
    "js.8bd7079c9d63d0f6847e.js",
    10232,
  ],
  Array [
    "js.8bd7079c9d63d0f6847e.js.gz",
    2800,
  ],
]
`;

exports[`when applied with \`cache\` option matches snapshot for \`other-cache-directory\` value ({String}): errors 1`] = `Array []`;

exports[`when applied with \`cache\` option matches snapshot for \`other-cache-directory\` value ({String}): errors 2`] = `Array []`;

exports[`when applied with \`cache\` option matches snapshot for \`other-cache-directory\` value ({String}): js.8bd7079c9d63d0f6847e.js 1`] = `
Array [
  "js.8bd7079c9d63d0f6847e.js",
  "9b0ef9dd9650dedb67c1a68fa7ab4c30",
]
`;

exports[`when applied with \`cache\` option matches snapshot for \`other-cache-directory\` value ({String}): warnings 1`] = `Array []`;

exports[`when applied with \`cache\` option matches snapshot for \`other-cache-directory\` value ({String}): warnings 2`] = `Array []`;

exports[`when applied with \`cache\` option matches snapshot for \`true\` value ({Boolean}): 0.async.dbe59b7ea0e1a63e45d4.js 1`] = `
Array [
  "0.async.dbe59b7ea0e1a63e45d4.js",
  "5c060e109cf6db498e14403ffb1625d2",
]
`;

exports[`when applied with \`cache\` option matches snapshot for \`true\` value ({Boolean}): 5b1f36bc41ab31f5b801d48ba1d65781.png 1`] = `
Array [
  "5b1f36bc41ab31f5b801d48ba1d65781.png",
  "09a1a1112c577c2794359715edfcb5ac",
]
`;

exports[`when applied with \`cache\` option matches snapshot for \`true\` value ({Boolean}): 96621d3c37d96ad3bf792fcc848d912f.svg 1`] = `
Array [
  "96621d3c37d96ad3bf792fcc848d912f.svg",
  "23fc1d3ac606d117e05a140e0de79806",
]
`;

exports[`when applied with \`cache\` option matches snapshot for \`true\` value ({Boolean}): assets 1`] = `
Array [
  Array [
    "0.async.dbe59b7ea0e1a63e45d4.js",
    130,
  ],
  Array [
    "0.async.dbe59b7ea0e1a63e45d4.js.gz",
    117,
  ],
  Array [
    "5b1f36bc41ab31f5b801d48ba1d65781.png",
    78117,
  ],
  Array [
    "5b1f36bc41ab31f5b801d48ba1d65781.png.gz",
    73160,
  ],
  Array [
    "96621d3c37d96ad3bf792fcc848d912f.svg",
    672,
  ],
  Array [
    "96621d3c37d96ad3bf792fcc848d912f.svg.gz",
    393,
  ],
  Array [
    "js.8bd7079c9d63d0f6847e.js",
    10232,
  ],
  Array [
    "js.8bd7079c9d63d0f6847e.js.gz",
    2800,
  ],
]
`;

exports[`when applied with \`cache\` option matches snapshot for \`true\` value ({Boolean}): assets 2`] = `
Array [
  Array [
    "0.async.dbe59b7ea0e1a63e45d4.js",
    130,
  ],
  Array [
    "0.async.dbe59b7ea0e1a63e45d4.js.gz",
    117,
  ],
  Array [
    "5b1f36bc41ab31f5b801d48ba1d65781.png",
    78117,
  ],
  Array [
    "5b1f36bc41ab31f5b801d48ba1d65781.png.gz",
    73160,
  ],
  Array [
    "96621d3c37d96ad3bf792fcc848d912f.svg",
    672,
  ],
  Array [
    "96621d3c37d96ad3bf792fcc848d912f.svg.gz",
    393,
  ],
  Array [
    "js.8bd7079c9d63d0f6847e.js",
    10232,
  ],
  Array [
    "js.8bd7079c9d63d0f6847e.js.gz",
    2800,
  ],
]
`;

exports[`when applied with \`cache\` option matches snapshot for \`true\` value ({Boolean}): errors 1`] = `Array []`;

exports[`when applied with \`cache\` option matches snapshot for \`true\` value ({Boolean}): errors 2`] = `Array []`;

exports[`when applied with \`cache\` option matches snapshot for \`true\` value ({Boolean}): js.8bd7079c9d63d0f6847e.js 1`] = `
Array [
  "js.8bd7079c9d63d0f6847e.js",
  "9b0ef9dd9650dedb67c1a68fa7ab4c30",
]
`;

exports[`when applied with \`cache\` option matches snapshot for \`true\` value ({Boolean}): warnings 1`] = `Array []`;

exports[`when applied with \`cache\` option matches snapshot for \`true\` value ({Boolean}): warnings 2`] = `Array []`;
